// Jest Snapshot v1, https://goo.gl/fbAQLP

exports[`rendering 1`] = `
<React.Fragment>
  <styled.div>
    <styled.div>
      <img
        alt="TodoTron 3000"
        src="/projects/todotron_thumb.png"
      />
    </styled.div>
    <styled.div>
      <h3>
        <a
          href="https://github.com/Laura-O/todo-tron"
        >
          TodoTron 3000
        </a>
      </h3>
      <div>
        Productivity timer for todo.txt
      </div>
      <ul>
        <styled.span
          key="Electron"
        >
          Electron
        </styled.span>
        <styled.span
          key="Vue.js"
        >
          Vue.js
        </styled.span>
        <styled.span
          key="Vuex"
        >
          Vuex
        </styled.span>
      </ul>
    </styled.div>
  </styled.div>
</React.Fragment>
`;
