// Jest Snapshot v1, https://goo.gl/fbAQLP

exports[`rendering 1`] = `
ShallowWrapper {
  Symbol(enzyme.__root__): [Circular],
  Symbol(enzyme.__unrendered__): <Project
    project={
      Object {
        "description": "Website for FMC Europe 2019",
        "id": 0,
        "image": "/projects/FMC-Europe-2019.png",
        "name": "FMC Europe 2019",
        "techs": Array [
          "Gatsby.js",
          "Netlify",
        ],
        "thumbnail": "/projects/FMC-Europe-2019_thumb.png",
        "url": "https://fmc-europe2019.fewest-moves.com/",
      }
    }
  />,
  Symbol(enzyme.__renderer__): Object {
    "batchedUpdates": [Function],
    "checkPropTypes": [Function],
    "getNode": [Function],
    "render": [Function],
    "simulateError": [Function],
    "simulateEvent": [Function],
    "unmount": [Function],
  },
  Symbol(enzyme.__node__): Object {
    "instance": null,
    "key": undefined,
    "nodeType": "class",
    "props": Object {
      "children": Array [
        <styled.div>
          <img
            alt="FMC Europe 2019"
            src="/projects/FMC-Europe-2019_thumb.png"
          />
        </styled.div>,
        <styled.div>
          <div>
            <h3>
              <a
                href="https://fmc-europe2019.fewest-moves.com/"
              >
                FMC Europe 2019
              </a>
            </h3>
          </div>
          <div>
            Website for FMC Europe 2019
          </div>
          <div
            className="list"
          >
            <ul>
              <Styled(styled.span)>
                Gatsby.js
              </Styled(styled.span)>
              <Styled(styled.span)>
                Netlify
              </Styled(styled.span)>
            </ul>
          </div>
        </styled.div>,
      ],
    },
    "ref": null,
    "rendered": Array [
      Object {
        "instance": null,
        "key": undefined,
        "nodeType": "class",
        "props": Object {
          "children": <img
            alt="FMC Europe 2019"
            src="/projects/FMC-Europe-2019_thumb.png"
          />,
        },
        "ref": null,
        "rendered": Object {
          "instance": null,
          "key": undefined,
          "nodeType": "host",
          "props": Object {
            "alt": "FMC Europe 2019",
            "src": "/projects/FMC-Europe-2019_thumb.png",
          },
          "ref": null,
          "rendered": null,
          "type": "img",
        },
        "type": [Function],
      },
      Object {
        "instance": null,
        "key": undefined,
        "nodeType": "class",
        "props": Object {
          "children": Array [
            <div>
              <h3>
                <a
                  href="https://fmc-europe2019.fewest-moves.com/"
                >
                  FMC Europe 2019
                </a>
              </h3>
            </div>,
            <div>
              Website for FMC Europe 2019
            </div>,
            <div
              className="list"
            >
              <ul>
                <Styled(styled.span)>
                  Gatsby.js
                </Styled(styled.span)>
                <Styled(styled.span)>
                  Netlify
                </Styled(styled.span)>
              </ul>
            </div>,
          ],
        },
        "ref": null,
        "rendered": Array [
          Object {
            "instance": null,
            "key": undefined,
            "nodeType": "host",
            "props": Object {
              "children": <h3>
                <a
                  href="https://fmc-europe2019.fewest-moves.com/"
                >
                  FMC Europe 2019
                </a>
              </h3>,
            },
            "ref": null,
            "rendered": Object {
              "instance": null,
              "key": undefined,
              "nodeType": "host",
              "props": Object {
                "children": <a
                  href="https://fmc-europe2019.fewest-moves.com/"
                >
                  FMC Europe 2019
                </a>,
              },
              "ref": null,
              "rendered": Object {
                "instance": null,
                "key": undefined,
                "nodeType": "host",
                "props": Object {
                  "children": "FMC Europe 2019",
                  "href": "https://fmc-europe2019.fewest-moves.com/",
                },
                "ref": null,
                "rendered": "FMC Europe 2019",
                "type": "a",
              },
              "type": "h3",
            },
            "type": "div",
          },
          Object {
            "instance": null,
            "key": undefined,
            "nodeType": "host",
            "props": Object {
              "children": "Website for FMC Europe 2019",
            },
            "ref": null,
            "rendered": "Website for FMC Europe 2019",
            "type": "div",
          },
          Object {
            "instance": null,
            "key": undefined,
            "nodeType": "host",
            "props": Object {
              "children": <ul>
                <Styled(styled.span)>
                  Gatsby.js
                </Styled(styled.span)>
                <Styled(styled.span)>
                  Netlify
                </Styled(styled.span)>
              </ul>,
              "className": "list",
            },
            "ref": null,
            "rendered": Object {
              "instance": null,
              "key": undefined,
              "nodeType": "host",
              "props": Object {
                "children": Array [
                  <Styled(styled.span)>
                    Gatsby.js
                  </Styled(styled.span)>,
                  <Styled(styled.span)>
                    Netlify
                  </Styled(styled.span)>,
                ],
              },
              "ref": null,
              "rendered": Array [
                Object {
                  "instance": null,
                  "key": "Gatsby.js",
                  "nodeType": "class",
                  "props": Object {
                    "children": "Gatsby.js",
                  },
                  "ref": null,
                  "rendered": "Gatsby.js",
                  "type": [Function],
                },
                Object {
                  "instance": null,
                  "key": "Netlify",
                  "nodeType": "class",
                  "props": Object {
                    "children": "Netlify",
                  },
                  "ref": null,
                  "rendered": "Netlify",
                  "type": [Function],
                },
              ],
              "type": "ul",
            },
            "type": "div",
          },
        ],
        "type": [Function],
      },
    ],
    "type": [Function],
  },
  Symbol(enzyme.__nodes__): Array [
    Object {
      "instance": null,
      "key": undefined,
      "nodeType": "class",
      "props": Object {
        "children": Array [
          <styled.div>
            <img
              alt="FMC Europe 2019"
              src="/projects/FMC-Europe-2019_thumb.png"
            />
          </styled.div>,
          <styled.div>
            <div>
              <h3>
                <a
                  href="https://fmc-europe2019.fewest-moves.com/"
                >
                  FMC Europe 2019
                </a>
              </h3>
            </div>
            <div>
              Website for FMC Europe 2019
            </div>
            <div
              className="list"
            >
              <ul>
                <Styled(styled.span)>
                  Gatsby.js
                </Styled(styled.span)>
                <Styled(styled.span)>
                  Netlify
                </Styled(styled.span)>
              </ul>
            </div>
          </styled.div>,
        ],
      },
      "ref": null,
      "rendered": Array [
        Object {
          "instance": null,
          "key": undefined,
          "nodeType": "class",
          "props": Object {
            "children": <img
              alt="FMC Europe 2019"
              src="/projects/FMC-Europe-2019_thumb.png"
            />,
          },
          "ref": null,
          "rendered": Object {
            "instance": null,
            "key": undefined,
            "nodeType": "host",
            "props": Object {
              "alt": "FMC Europe 2019",
              "src": "/projects/FMC-Europe-2019_thumb.png",
            },
            "ref": null,
            "rendered": null,
            "type": "img",
          },
          "type": [Function],
        },
        Object {
          "instance": null,
          "key": undefined,
          "nodeType": "class",
          "props": Object {
            "children": Array [
              <div>
                <h3>
                  <a
                    href="https://fmc-europe2019.fewest-moves.com/"
                  >
                    FMC Europe 2019
                  </a>
                </h3>
              </div>,
              <div>
                Website for FMC Europe 2019
              </div>,
              <div
                className="list"
              >
                <ul>
                  <Styled(styled.span)>
                    Gatsby.js
                  </Styled(styled.span)>
                  <Styled(styled.span)>
                    Netlify
                  </Styled(styled.span)>
                </ul>
              </div>,
            ],
          },
          "ref": null,
          "rendered": Array [
            Object {
              "instance": null,
              "key": undefined,
              "nodeType": "host",
              "props": Object {
                "children": <h3>
                  <a
                    href="https://fmc-europe2019.fewest-moves.com/"
                  >
                    FMC Europe 2019
                  </a>
                </h3>,
              },
              "ref": null,
              "rendered": Object {
                "instance": null,
                "key": undefined,
                "nodeType": "host",
                "props": Object {
                  "children": <a
                    href="https://fmc-europe2019.fewest-moves.com/"
                  >
                    FMC Europe 2019
                  </a>,
                },
                "ref": null,
                "rendered": Object {
                  "instance": null,
                  "key": undefined,
                  "nodeType": "host",
                  "props": Object {
                    "children": "FMC Europe 2019",
                    "href": "https://fmc-europe2019.fewest-moves.com/",
                  },
                  "ref": null,
                  "rendered": "FMC Europe 2019",
                  "type": "a",
                },
                "type": "h3",
              },
              "type": "div",
            },
            Object {
              "instance": null,
              "key": undefined,
              "nodeType": "host",
              "props": Object {
                "children": "Website for FMC Europe 2019",
              },
              "ref": null,
              "rendered": "Website for FMC Europe 2019",
              "type": "div",
            },
            Object {
              "instance": null,
              "key": undefined,
              "nodeType": "host",
              "props": Object {
                "children": <ul>
                  <Styled(styled.span)>
                    Gatsby.js
                  </Styled(styled.span)>
                  <Styled(styled.span)>
                    Netlify
                  </Styled(styled.span)>
                </ul>,
                "className": "list",
              },
              "ref": null,
              "rendered": Object {
                "instance": null,
                "key": undefined,
                "nodeType": "host",
                "props": Object {
                  "children": Array [
                    <Styled(styled.span)>
                      Gatsby.js
                    </Styled(styled.span)>,
                    <Styled(styled.span)>
                      Netlify
                    </Styled(styled.span)>,
                  ],
                },
                "ref": null,
                "rendered": Array [
                  Object {
                    "instance": null,
                    "key": "Gatsby.js",
                    "nodeType": "class",
                    "props": Object {
                      "children": "Gatsby.js",
                    },
                    "ref": null,
                    "rendered": "Gatsby.js",
                    "type": [Function],
                  },
                  Object {
                    "instance": null,
                    "key": "Netlify",
                    "nodeType": "class",
                    "props": Object {
                      "children": "Netlify",
                    },
                    "ref": null,
                    "rendered": "Netlify",
                    "type": [Function],
                  },
                ],
                "type": "ul",
              },
              "type": "div",
            },
          ],
          "type": [Function],
        },
      ],
      "type": [Function],
    },
  ],
  Symbol(enzyme.__options__): Object {
    "adapter": ReactSixteenAdapter {
      "options": Object {
        "enableComponentDidUpdateOnSetState": true,
        "legacyContextMode": "parent",
        "lifecycles": Object {
          "componentDidUpdate": Object {
            "onSetState": true,
          },
          "getChildContext": Object {
            "calledByRenderer": false,
          },
          "getDerivedStateFromProps": true,
          "getSnapshotBeforeUpdate": true,
          "setState": Object {
            "skipsComponentDidUpdateOnNullish": true,
          },
        },
      },
    },
  },
}
`;
