// Jest Snapshot v1, https://goo.gl/fbAQLP

exports[`rendering 1`] = `
<div
  className="outer-container"
>
  <HelmetWrapper
    defer={true}
    encodeSpecialCharacters={true}
    meta={
      Array [
        Object {
          "content": "Sample",
          "name": "description",
        },
        Object {
          "content": "sample, something",
          "name": "keywords",
        },
      ]
    }
    title="Laura Ohrndorf - Portfolio"
  />
  <Header />
  <div
    className="page"
  >
    children
  </div>
</div>
`;
