// Jest Snapshot v1, https://goo.gl/fbAQLP

exports[`rendering 1`] = `
<div>
  <styled.div>
    <styled.div>
      <styled.div>
        <Bio />
      </styled.div>
      <styled.div>
        <Tech />
      </styled.div>
    </styled.div>
    <styled.div>
      If you want to get in touch with me, please use the
       
      <GatsbyLink
        to="/contact"
      >
        Contact form
      </GatsbyLink>
      .
    </styled.div>
    <Footer />
  </styled.div>
</div>
`;
