// Jest Snapshot v1, https://goo.gl/fbAQLP

exports[`rendering 1`] = `
ShallowWrapper {
  Symbol(enzyme.__root__): [Circular],
  Symbol(enzyme.__unrendered__): <IndexPage />,
  Symbol(enzyme.__renderer__): Object {
    "batchedUpdates": [Function],
    "checkPropTypes": [Function],
    "getNode": [Function],
    "render": [Function],
    "simulateError": [Function],
    "simulateEvent": [Function],
    "unmount": [Function],
  },
  Symbol(enzyme.__node__): Object {
    "instance": null,
    "key": undefined,
    "nodeType": "function",
    "props": Object {
      "children": Array [
        <div
          className="stars-small"
        />,
        <div
          className="stars-middle"
        />,
        <div
          className="stars-large"
        />,
        <Styled(styled.div)>
          <section>
            <h3>
              Hi, I'm Laura, a full-stack developer based in Germany.
            </h3>
          </section>
          <styled.section>
            <PageLink>
              <UNDEFINED
                to="/about"
              >
                <h1>
                  About
                </h1>
              </UNDEFINED>
            </PageLink>
            <PageLink>
              <UNDEFINED
                to="/projects"
              >
                <h1>
                  Projects
                </h1>
              </UNDEFINED>
            </PageLink>
            <PageLink>
              <UNDEFINED
                to="/blog"
              >
                <h1>
                  Blog
                </h1>
              </UNDEFINED>
            </PageLink>
          </styled.section>
        </Styled(styled.div)>,
      ],
    },
    "ref": null,
    "rendered": Array [
      Object {
        "instance": null,
        "key": undefined,
        "nodeType": "host",
        "props": Object {
          "className": "stars-small",
        },
        "ref": null,
        "rendered": null,
        "type": "div",
      },
      Object {
        "instance": null,
        "key": undefined,
        "nodeType": "host",
        "props": Object {
          "className": "stars-middle",
        },
        "ref": null,
        "rendered": null,
        "type": "div",
      },
      Object {
        "instance": null,
        "key": undefined,
        "nodeType": "host",
        "props": Object {
          "className": "stars-large",
        },
        "ref": null,
        "rendered": null,
        "type": "div",
      },
      Object {
        "instance": null,
        "key": undefined,
        "nodeType": "class",
        "props": Object {
          "children": Array [
            <section>
              <h3>
                Hi, I'm Laura, a full-stack developer based in Germany.
              </h3>
            </section>,
            <styled.section>
              <PageLink>
                <UNDEFINED
                  to="/about"
                >
                  <h1>
                    About
                  </h1>
                </UNDEFINED>
              </PageLink>
              <PageLink>
                <UNDEFINED
                  to="/projects"
                >
                  <h1>
                    Projects
                  </h1>
                </UNDEFINED>
              </PageLink>
              <PageLink>
                <UNDEFINED
                  to="/blog"
                >
                  <h1>
                    Blog
                  </h1>
                </UNDEFINED>
              </PageLink>
            </styled.section>,
          ],
        },
        "ref": null,
        "rendered": Array [
          Object {
            "instance": null,
            "key": undefined,
            "nodeType": "host",
            "props": Object {
              "children": <h3>
                Hi, I'm Laura, a full-stack developer based in Germany.
              </h3>,
            },
            "ref": null,
            "rendered": Object {
              "instance": null,
              "key": undefined,
              "nodeType": "host",
              "props": Object {
                "children": "Hi, I'm Laura, a full-stack developer based in Germany.",
              },
              "ref": null,
              "rendered": "Hi, I'm Laura, a full-stack developer based in Germany.",
              "type": "h3",
            },
            "type": "section",
          },
          Object {
            "instance": null,
            "key": undefined,
            "nodeType": "class",
            "props": Object {
              "children": Array [
                <PageLink>
                  <UNDEFINED
                    to="/about"
                  >
                    <h1>
                      About
                    </h1>
                  </UNDEFINED>
                </PageLink>,
                <PageLink>
                  <UNDEFINED
                    to="/projects"
                  >
                    <h1>
                      Projects
                    </h1>
                  </UNDEFINED>
                </PageLink>,
                <PageLink>
                  <UNDEFINED
                    to="/blog"
                  >
                    <h1>
                      Blog
                    </h1>
                  </UNDEFINED>
                </PageLink>,
              ],
            },
            "ref": null,
            "rendered": Array [
              Object {
                "instance": null,
                "key": undefined,
                "nodeType": "function",
                "props": Object {
                  "children": <UNDEFINED
                    to="/about"
                  >
                    <h1>
                      About
                    </h1>
                  </UNDEFINED>,
                },
                "ref": null,
                "rendered": Object {
                  "instance": null,
                  "key": undefined,
                  "nodeType": "function",
                  "props": Object {
                    "children": <h1>
                      About
                    </h1>,
                    "to": "/about",
                  },
                  "ref": null,
                  "rendered": Object {
                    "instance": null,
                    "key": undefined,
                    "nodeType": "host",
                    "props": Object {
                      "children": "About",
                    },
                    "ref": null,
                    "rendered": "About",
                    "type": "h1",
                  },
                  "type": Object {
                    "$$typeof": Symbol(react.forward_ref),
                    "render": [Function],
                  },
                },
                "type": [Function],
              },
              Object {
                "instance": null,
                "key": undefined,
                "nodeType": "function",
                "props": Object {
                  "children": <UNDEFINED
                    to="/projects"
                  >
                    <h1>
                      Projects
                    </h1>
                  </UNDEFINED>,
                },
                "ref": null,
                "rendered": Object {
                  "instance": null,
                  "key": undefined,
                  "nodeType": "function",
                  "props": Object {
                    "children": <h1>
                      Projects
                    </h1>,
                    "to": "/projects",
                  },
                  "ref": null,
                  "rendered": Object {
                    "instance": null,
                    "key": undefined,
                    "nodeType": "host",
                    "props": Object {
                      "children": "Projects",
                    },
                    "ref": null,
                    "rendered": "Projects",
                    "type": "h1",
                  },
                  "type": Object {
                    "$$typeof": Symbol(react.forward_ref),
                    "render": [Function],
                  },
                },
                "type": [Function],
              },
              Object {
                "instance": null,
                "key": undefined,
                "nodeType": "function",
                "props": Object {
                  "children": <UNDEFINED
                    to="/blog"
                  >
                    <h1>
                      Blog
                    </h1>
                  </UNDEFINED>,
                },
                "ref": null,
                "rendered": Object {
                  "instance": null,
                  "key": undefined,
                  "nodeType": "function",
                  "props": Object {
                    "children": <h1>
                      Blog
                    </h1>,
                    "to": "/blog",
                  },
                  "ref": null,
                  "rendered": Object {
                    "instance": null,
                    "key": undefined,
                    "nodeType": "host",
                    "props": Object {
                      "children": "Blog",
                    },
                    "ref": null,
                    "rendered": "Blog",
                    "type": "h1",
                  },
                  "type": Object {
                    "$$typeof": Symbol(react.forward_ref),
                    "render": [Function],
                  },
                },
                "type": [Function],
              },
            ],
            "type": [Function],
          },
        ],
        "type": [Function],
      },
    ],
    "type": [Function],
  },
  Symbol(enzyme.__nodes__): Array [
    Object {
      "instance": null,
      "key": undefined,
      "nodeType": "function",
      "props": Object {
        "children": Array [
          <div
            className="stars-small"
          />,
          <div
            className="stars-middle"
          />,
          <div
            className="stars-large"
          />,
          <Styled(styled.div)>
            <section>
              <h3>
                Hi, I'm Laura, a full-stack developer based in Germany.
              </h3>
            </section>
            <styled.section>
              <PageLink>
                <UNDEFINED
                  to="/about"
                >
                  <h1>
                    About
                  </h1>
                </UNDEFINED>
              </PageLink>
              <PageLink>
                <UNDEFINED
                  to="/projects"
                >
                  <h1>
                    Projects
                  </h1>
                </UNDEFINED>
              </PageLink>
              <PageLink>
                <UNDEFINED
                  to="/blog"
                >
                  <h1>
                    Blog
                  </h1>
                </UNDEFINED>
              </PageLink>
            </styled.section>
          </Styled(styled.div)>,
        ],
      },
      "ref": null,
      "rendered": Array [
        Object {
          "instance": null,
          "key": undefined,
          "nodeType": "host",
          "props": Object {
            "className": "stars-small",
          },
          "ref": null,
          "rendered": null,
          "type": "div",
        },
        Object {
          "instance": null,
          "key": undefined,
          "nodeType": "host",
          "props": Object {
            "className": "stars-middle",
          },
          "ref": null,
          "rendered": null,
          "type": "div",
        },
        Object {
          "instance": null,
          "key": undefined,
          "nodeType": "host",
          "props": Object {
            "className": "stars-large",
          },
          "ref": null,
          "rendered": null,
          "type": "div",
        },
        Object {
          "instance": null,
          "key": undefined,
          "nodeType": "class",
          "props": Object {
            "children": Array [
              <section>
                <h3>
                  Hi, I'm Laura, a full-stack developer based in Germany.
                </h3>
              </section>,
              <styled.section>
                <PageLink>
                  <UNDEFINED
                    to="/about"
                  >
                    <h1>
                      About
                    </h1>
                  </UNDEFINED>
                </PageLink>
                <PageLink>
                  <UNDEFINED
                    to="/projects"
                  >
                    <h1>
                      Projects
                    </h1>
                  </UNDEFINED>
                </PageLink>
                <PageLink>
                  <UNDEFINED
                    to="/blog"
                  >
                    <h1>
                      Blog
                    </h1>
                  </UNDEFINED>
                </PageLink>
              </styled.section>,
            ],
          },
          "ref": null,
          "rendered": Array [
            Object {
              "instance": null,
              "key": undefined,
              "nodeType": "host",
              "props": Object {
                "children": <h3>
                  Hi, I'm Laura, a full-stack developer based in Germany.
                </h3>,
              },
              "ref": null,
              "rendered": Object {
                "instance": null,
                "key": undefined,
                "nodeType": "host",
                "props": Object {
                  "children": "Hi, I'm Laura, a full-stack developer based in Germany.",
                },
                "ref": null,
                "rendered": "Hi, I'm Laura, a full-stack developer based in Germany.",
                "type": "h3",
              },
              "type": "section",
            },
            Object {
              "instance": null,
              "key": undefined,
              "nodeType": "class",
              "props": Object {
                "children": Array [
                  <PageLink>
                    <UNDEFINED
                      to="/about"
                    >
                      <h1>
                        About
                      </h1>
                    </UNDEFINED>
                  </PageLink>,
                  <PageLink>
                    <UNDEFINED
                      to="/projects"
                    >
                      <h1>
                        Projects
                      </h1>
                    </UNDEFINED>
                  </PageLink>,
                  <PageLink>
                    <UNDEFINED
                      to="/blog"
                    >
                      <h1>
                        Blog
                      </h1>
                    </UNDEFINED>
                  </PageLink>,
                ],
              },
              "ref": null,
              "rendered": Array [
                Object {
                  "instance": null,
                  "key": undefined,
                  "nodeType": "function",
                  "props": Object {
                    "children": <UNDEFINED
                      to="/about"
                    >
                      <h1>
                        About
                      </h1>
                    </UNDEFINED>,
                  },
                  "ref": null,
                  "rendered": Object {
                    "instance": null,
                    "key": undefined,
                    "nodeType": "function",
                    "props": Object {
                      "children": <h1>
                        About
                      </h1>,
                      "to": "/about",
                    },
                    "ref": null,
                    "rendered": Object {
                      "instance": null,
                      "key": undefined,
                      "nodeType": "host",
                      "props": Object {
                        "children": "About",
                      },
                      "ref": null,
                      "rendered": "About",
                      "type": "h1",
                    },
                    "type": Object {
                      "$$typeof": Symbol(react.forward_ref),
                      "render": [Function],
                    },
                  },
                  "type": [Function],
                },
                Object {
                  "instance": null,
                  "key": undefined,
                  "nodeType": "function",
                  "props": Object {
                    "children": <UNDEFINED
                      to="/projects"
                    >
                      <h1>
                        Projects
                      </h1>
                    </UNDEFINED>,
                  },
                  "ref": null,
                  "rendered": Object {
                    "instance": null,
                    "key": undefined,
                    "nodeType": "function",
                    "props": Object {
                      "children": <h1>
                        Projects
                      </h1>,
                      "to": "/projects",
                    },
                    "ref": null,
                    "rendered": Object {
                      "instance": null,
                      "key": undefined,
                      "nodeType": "host",
                      "props": Object {
                        "children": "Projects",
                      },
                      "ref": null,
                      "rendered": "Projects",
                      "type": "h1",
                    },
                    "type": Object {
                      "$$typeof": Symbol(react.forward_ref),
                      "render": [Function],
                    },
                  },
                  "type": [Function],
                },
                Object {
                  "instance": null,
                  "key": undefined,
                  "nodeType": "function",
                  "props": Object {
                    "children": <UNDEFINED
                      to="/blog"
                    >
                      <h1>
                        Blog
                      </h1>
                    </UNDEFINED>,
                  },
                  "ref": null,
                  "rendered": Object {
                    "instance": null,
                    "key": undefined,
                    "nodeType": "function",
                    "props": Object {
                      "children": <h1>
                        Blog
                      </h1>,
                      "to": "/blog",
                    },
                    "ref": null,
                    "rendered": Object {
                      "instance": null,
                      "key": undefined,
                      "nodeType": "host",
                      "props": Object {
                        "children": "Blog",
                      },
                      "ref": null,
                      "rendered": "Blog",
                      "type": "h1",
                    },
                    "type": Object {
                      "$$typeof": Symbol(react.forward_ref),
                      "render": [Function],
                    },
                  },
                  "type": [Function],
                },
              ],
              "type": [Function],
            },
          ],
          "type": [Function],
        },
      ],
      "type": [Function],
    },
  ],
  Symbol(enzyme.__options__): Object {
    "adapter": ReactSixteenAdapter {
      "options": Object {
        "enableComponentDidUpdateOnSetState": true,
        "legacyContextMode": "parent",
        "lifecycles": Object {
          "componentDidUpdate": Object {
            "onSetState": true,
          },
          "getChildContext": Object {
            "calledByRenderer": false,
          },
          "getDerivedStateFromProps": true,
          "getSnapshotBeforeUpdate": true,
          "setState": Object {
            "skipsComponentDidUpdateOnNullish": true,
          },
        },
      },
    },
  },
}
`;
