// Jest Snapshot v1, https://goo.gl/fbAQLP

exports[`rendering 1`] = `
<div
  className="start"
>
  <StartAnimation />
  <div
    className="about-me"
  >
    I'm Laura, a full-stack developer based in Germany.
  </div>
  <Fireworks />
  <styled.div>
    <div
      className="start-button"
    >
      <GatsbyLink
        to="/about"
      >
        <styled.button>
          About
        </styled.button>
      </GatsbyLink>
    </div>
    <div
      className="start-button"
    >
      <GatsbyLink
        to="/projects"
      >
        <styled.button>
          Projects
        </styled.button>
      </GatsbyLink>
    </div>
    <div
      className="start-button"
    >
      <GatsbyLink
        to="/blog"
      >
        <styled.button>
          Blog
        </styled.button>
      </GatsbyLink>
    </div>
  </styled.div>
</div>
`;
