// Jest Snapshot v1, https://goo.gl/fbAQLP

exports[`rendering 1`] = `
<footer>
  <div>
    <ul>
      <li>
        <a
          href="https://github.com/Laura-O"
        >
          <img
            alt="github"
            src="test-file-stub"
          />
        </a>
      </li>
      <li>
        <a
          href="www.linkedin.com/in/lauraohrndorf"
        >
          <img
            alt="linkedin"
            src="test-file-stub"
          />
        </a>
      </li>
      <li>
        <a
          href="https://twitter.com/laura_fyi"
        >
          <img
            alt="twitter"
            src="test-file-stub"
          />
        </a>
      </li>
    </ul>
  </div>
  <div>
    <small>
      <a
        href="/legal"
      >
        Legal notice
      </a>
    </small>
  </div>
</footer>
`;
