// Jest Snapshot v1, https://goo.gl/fbAQLP

exports[`rendering 1`] = `
ShallowWrapper {
  Symbol(enzyme.__root__): [Circular],
  Symbol(enzyme.__unrendered__): <Menu
    active={true}
    toggleNav={[MockFunction]}
  />,
  Symbol(enzyme.__renderer__): Object {
    "batchedUpdates": [Function],
    "checkPropTypes": [Function],
    "getNode": [Function],
    "render": [Function],
    "simulateError": [Function],
    "simulateEvent": [Function],
    "unmount": [Function],
  },
  Symbol(enzyme.__node__): Object {
    "instance": null,
    "key": undefined,
    "nodeType": "function",
    "props": Object {
      "active": true,
      "children": <nav>
        <styled.div>
          <UNDEFINED
            onClick={[MockFunction]}
            to="/about"
          >
            About
          </UNDEFINED>
        </styled.div>
        <styled.div>
          <UNDEFINED
            onClick={[MockFunction]}
            to="/blog"
          >
            Blog
          </UNDEFINED>
        </styled.div>
        <styled.div>
          <UNDEFINED
            onClick={[MockFunction]}
            to="/projects"
          >
            Projects
          </UNDEFINED>
        </styled.div>
        <styled.div>
          <UNDEFINED
            onClick={[MockFunction]}
            to="/galleries"
          >
            Galleries
          </UNDEFINED>
        </styled.div>
      </nav>,
      "data-testid": "fullscreen",
    },
    "ref": null,
    "rendered": Object {
      "instance": null,
      "key": undefined,
      "nodeType": "host",
      "props": Object {
        "children": Array [
          <styled.div>
            <UNDEFINED
              onClick={[MockFunction]}
              to="/about"
            >
              About
            </UNDEFINED>
          </styled.div>,
          <styled.div>
            <UNDEFINED
              onClick={[MockFunction]}
              to="/blog"
            >
              Blog
            </UNDEFINED>
          </styled.div>,
          <styled.div>
            <UNDEFINED
              onClick={[MockFunction]}
              to="/projects"
            >
              Projects
            </UNDEFINED>
          </styled.div>,
          <styled.div>
            <UNDEFINED
              onClick={[MockFunction]}
              to="/galleries"
            >
              Galleries
            </UNDEFINED>
          </styled.div>,
        ],
      },
      "ref": null,
      "rendered": Array [
        Object {
          "instance": null,
          "key": undefined,
          "nodeType": "class",
          "props": Object {
            "children": <UNDEFINED
              onClick={[MockFunction]}
              to="/about"
            >
              About
            </UNDEFINED>,
          },
          "ref": null,
          "rendered": Object {
            "instance": null,
            "key": undefined,
            "nodeType": "function",
            "props": Object {
              "children": "About",
              "onClick": [MockFunction],
              "to": "/about",
            },
            "ref": null,
            "rendered": "About",
            "type": Object {
              "$$typeof": Symbol(react.forward_ref),
              "render": [Function],
            },
          },
          "type": [Function],
        },
        Object {
          "instance": null,
          "key": undefined,
          "nodeType": "class",
          "props": Object {
            "children": <UNDEFINED
              onClick={[MockFunction]}
              to="/blog"
            >
              Blog
            </UNDEFINED>,
          },
          "ref": null,
          "rendered": Object {
            "instance": null,
            "key": undefined,
            "nodeType": "function",
            "props": Object {
              "children": "Blog",
              "onClick": [MockFunction],
              "to": "/blog",
            },
            "ref": null,
            "rendered": "Blog",
            "type": Object {
              "$$typeof": Symbol(react.forward_ref),
              "render": [Function],
            },
          },
          "type": [Function],
        },
        Object {
          "instance": null,
          "key": undefined,
          "nodeType": "class",
          "props": Object {
            "children": <UNDEFINED
              onClick={[MockFunction]}
              to="/projects"
            >
              Projects
            </UNDEFINED>,
          },
          "ref": null,
          "rendered": Object {
            "instance": null,
            "key": undefined,
            "nodeType": "function",
            "props": Object {
              "children": "Projects",
              "onClick": [MockFunction],
              "to": "/projects",
            },
            "ref": null,
            "rendered": "Projects",
            "type": Object {
              "$$typeof": Symbol(react.forward_ref),
              "render": [Function],
            },
          },
          "type": [Function],
        },
        Object {
          "instance": null,
          "key": undefined,
          "nodeType": "class",
          "props": Object {
            "children": <UNDEFINED
              onClick={[MockFunction]}
              to="/galleries"
            >
              Galleries
            </UNDEFINED>,
          },
          "ref": null,
          "rendered": Object {
            "instance": null,
            "key": undefined,
            "nodeType": "function",
            "props": Object {
              "children": "Galleries",
              "onClick": [MockFunction],
              "to": "/galleries",
            },
            "ref": null,
            "rendered": "Galleries",
            "type": Object {
              "$$typeof": Symbol(react.forward_ref),
              "render": [Function],
            },
          },
          "type": [Function],
        },
      ],
      "type": "nav",
    },
    "type": [Function],
  },
  Symbol(enzyme.__nodes__): Array [
    Object {
      "instance": null,
      "key": undefined,
      "nodeType": "function",
      "props": Object {
        "active": true,
        "children": <nav>
          <styled.div>
            <UNDEFINED
              onClick={[MockFunction]}
              to="/about"
            >
              About
            </UNDEFINED>
          </styled.div>
          <styled.div>
            <UNDEFINED
              onClick={[MockFunction]}
              to="/blog"
            >
              Blog
            </UNDEFINED>
          </styled.div>
          <styled.div>
            <UNDEFINED
              onClick={[MockFunction]}
              to="/projects"
            >
              Projects
            </UNDEFINED>
          </styled.div>
          <styled.div>
            <UNDEFINED
              onClick={[MockFunction]}
              to="/galleries"
            >
              Galleries
            </UNDEFINED>
          </styled.div>
        </nav>,
        "data-testid": "fullscreen",
      },
      "ref": null,
      "rendered": Object {
        "instance": null,
        "key": undefined,
        "nodeType": "host",
        "props": Object {
          "children": Array [
            <styled.div>
              <UNDEFINED
                onClick={[MockFunction]}
                to="/about"
              >
                About
              </UNDEFINED>
            </styled.div>,
            <styled.div>
              <UNDEFINED
                onClick={[MockFunction]}
                to="/blog"
              >
                Blog
              </UNDEFINED>
            </styled.div>,
            <styled.div>
              <UNDEFINED
                onClick={[MockFunction]}
                to="/projects"
              >
                Projects
              </UNDEFINED>
            </styled.div>,
            <styled.div>
              <UNDEFINED
                onClick={[MockFunction]}
                to="/galleries"
              >
                Galleries
              </UNDEFINED>
            </styled.div>,
          ],
        },
        "ref": null,
        "rendered": Array [
          Object {
            "instance": null,
            "key": undefined,
            "nodeType": "class",
            "props": Object {
              "children": <UNDEFINED
                onClick={[MockFunction]}
                to="/about"
              >
                About
              </UNDEFINED>,
            },
            "ref": null,
            "rendered": Object {
              "instance": null,
              "key": undefined,
              "nodeType": "function",
              "props": Object {
                "children": "About",
                "onClick": [MockFunction],
                "to": "/about",
              },
              "ref": null,
              "rendered": "About",
              "type": Object {
                "$$typeof": Symbol(react.forward_ref),
                "render": [Function],
              },
            },
            "type": [Function],
          },
          Object {
            "instance": null,
            "key": undefined,
            "nodeType": "class",
            "props": Object {
              "children": <UNDEFINED
                onClick={[MockFunction]}
                to="/blog"
              >
                Blog
              </UNDEFINED>,
            },
            "ref": null,
            "rendered": Object {
              "instance": null,
              "key": undefined,
              "nodeType": "function",
              "props": Object {
                "children": "Blog",
                "onClick": [MockFunction],
                "to": "/blog",
              },
              "ref": null,
              "rendered": "Blog",
              "type": Object {
                "$$typeof": Symbol(react.forward_ref),
                "render": [Function],
              },
            },
            "type": [Function],
          },
          Object {
            "instance": null,
            "key": undefined,
            "nodeType": "class",
            "props": Object {
              "children": <UNDEFINED
                onClick={[MockFunction]}
                to="/projects"
              >
                Projects
              </UNDEFINED>,
            },
            "ref": null,
            "rendered": Object {
              "instance": null,
              "key": undefined,
              "nodeType": "function",
              "props": Object {
                "children": "Projects",
                "onClick": [MockFunction],
                "to": "/projects",
              },
              "ref": null,
              "rendered": "Projects",
              "type": Object {
                "$$typeof": Symbol(react.forward_ref),
                "render": [Function],
              },
            },
            "type": [Function],
          },
          Object {
            "instance": null,
            "key": undefined,
            "nodeType": "class",
            "props": Object {
              "children": <UNDEFINED
                onClick={[MockFunction]}
                to="/galleries"
              >
                Galleries
              </UNDEFINED>,
            },
            "ref": null,
            "rendered": Object {
              "instance": null,
              "key": undefined,
              "nodeType": "function",
              "props": Object {
                "children": "Galleries",
                "onClick": [MockFunction],
                "to": "/galleries",
              },
              "ref": null,
              "rendered": "Galleries",
              "type": Object {
                "$$typeof": Symbol(react.forward_ref),
                "render": [Function],
              },
            },
            "type": [Function],
          },
        ],
        "type": "nav",
      },
      "type": [Function],
    },
  ],
  Symbol(enzyme.__options__): Object {
    "adapter": ReactSixteenAdapter {
      "options": Object {
        "enableComponentDidUpdateOnSetState": true,
        "legacyContextMode": "parent",
        "lifecycles": Object {
          "componentDidUpdate": Object {
            "onSetState": true,
          },
          "getChildContext": Object {
            "calledByRenderer": false,
          },
          "getDerivedStateFromProps": true,
          "getSnapshotBeforeUpdate": true,
          "setState": Object {
            "skipsComponentDidUpdateOnNullish": true,
          },
        },
      },
    },
  },
}
`;
