// Jest Snapshot v1, https://goo.gl/fbAQLP

exports[`rendering 1`] = `
<Fullscreen>
  <nav>
    <styled.div>
      <GatsbyLink
        to="/"
      >
        Home
      </GatsbyLink>
    </styled.div>
    <styled.div>
      <GatsbyLink
        to="/about"
      >
        About
      </GatsbyLink>
    </styled.div>
    <styled.div>
      <GatsbyLink
        to="/blog"
      >
        Blog
      </GatsbyLink>
    </styled.div>
    <styled.div>
      <GatsbyLink
        to="/projects"
      >
        Projects
      </GatsbyLink>
    </styled.div>
    <styled.div>
      <GatsbyLink
        to="/contact"
      >
        Contact
      </GatsbyLink>
    </styled.div>
  </nav>
</Fullscreen>
`;
