// Jest Snapshot v1, https://goo.gl/fbAQLP

exports[`exports 1`] = `
Object {
  "*": Object {
    "boxSizing": "inherit",
  },
  "*:after": Object {
    "boxSizing": "inherit",
  },
  "*:before": Object {
    "boxSizing": "inherit",
  },
  "@media only screen and (max-width:768px)": Object {
    "blockquote": Object {
      "marginLeft": "-1.035rem",
      "marginRight": 0,
      "paddingLeft": "0.69rem",
    },
  },
  "a": Object {
    "color": "hsla(0,0%,0%,0.8)",
  },
  "a:hover": Object {
    "color": "#3498DB",
  },
  "abbr": Object {
    "borderBottom": "1px dotted hsla(0,0%,0%,0.5)",
    "cursor": "help",
  },
  "abbr[title]": Object {
    "borderBottom": "1px dotted hsla(0,0%,0%,0.5)",
    "cursor": "help",
    "textDecoration": "none",
  },
  "acronym": Object {
    "borderBottom": "1px dotted hsla(0,0%,0%,0.5)",
    "cursor": "help",
  },
  "address": Object {
    "marginBottom": "1.38rem",
    "marginLeft": 0,
    "marginRight": 0,
    "marginTop": 0,
    "paddingBottom": 0,
    "paddingLeft": 0,
    "paddingRight": 0,
    "paddingTop": 0,
  },
  "b": Object {
    "fontWeight": 700,
  },
  "blockquote": Object {
    "borderLeft": "0.345rem solid hsla(0,0%,0%,0.87)",
    "color": "hsla(0,0%,0%,0.7)",
    "fontSize": "1.08447rem",
    "lineHeight": "1.38rem",
    "marginBottom": "1.38rem",
    "marginLeft": 0,
    "marginRight": 0,
    "marginTop": 0,
    "paddingBottom": 0,
    "paddingLeft": "1.035rem",
    "paddingRight": 0,
    "paddingTop": 0,
  },
  "blockquote *:last-child": Object {
    "marginBottom": 0,
  },
  "body": Object {
    "MozFontFeatureSettings": "\\"kern\\", \\"liga\\", \\"clig\\", \\"calt\\"",
    "WebkitFontFeatureSettings": "\\"kern\\", \\"liga\\", \\"clig\\", \\"calt\\"",
    "color": "hsla(0,0%,0%,0.8)",
    "fontFamily": "'Yrsa','georgia',sans-serif",
    "fontFeatureSettings": "\\"kern\\", \\"liga\\", \\"clig\\", \\"calt\\"",
    "fontKerning": "normal",
    "fontWeight": 400,
    "msFontFeatureSettings": "\\"kern\\", \\"liga\\", \\"clig\\", \\"calt\\"",
    "wordWrap": "break-word",
  },
  "code": Object {
    "fontSize": "0.85rem",
    "lineHeight": "1.38rem",
  },
  "dd": Object {
    "marginBottom": "1.38rem",
    "marginLeft": 0,
    "marginRight": 0,
    "marginTop": 0,
    "paddingBottom": 0,
    "paddingLeft": 0,
    "paddingRight": 0,
    "paddingTop": 0,
  },
  "dl": Object {
    "marginBottom": "1.38rem",
    "marginLeft": 0,
    "marginRight": 0,
    "marginTop": 0,
    "paddingBottom": 0,
    "paddingLeft": 0,
    "paddingRight": 0,
    "paddingTop": 0,
  },
  "dt": Object {
    "fontWeight": 700,
  },
  "fieldset": Object {
    "marginBottom": "1.38rem",
    "marginLeft": 0,
    "marginRight": 0,
    "marginTop": 0,
    "paddingBottom": 0,
    "paddingLeft": 0,
    "paddingRight": 0,
    "paddingTop": 0,
  },
  "figure": Object {
    "marginBottom": "1.38rem",
    "marginLeft": 0,
    "marginRight": 0,
    "marginTop": 0,
    "paddingBottom": 0,
    "paddingLeft": 0,
    "paddingRight": 0,
    "paddingTop": 0,
  },
  "form": Object {
    "marginBottom": "1.38rem",
    "marginLeft": 0,
    "marginRight": 0,
    "marginTop": 0,
    "paddingBottom": 0,
    "paddingLeft": 0,
    "paddingRight": 0,
    "paddingTop": 0,
  },
  "h1": Object {
    "color": "inherit",
    "fontFamily": "'Exo',sans-serif",
    "fontSize": "1.5rem",
    "fontWeight": 700,
    "lineHeight": 1.1,
    "marginBottom": "1.38rem",
    "marginLeft": 0,
    "marginRight": 0,
    "marginTop": 0,
    "paddingBottom": 0,
    "paddingLeft": 0,
    "paddingRight": 0,
    "paddingTop": 0,
    "textRendering": "optimizeLegibility",
  },
  "h2": Object {
    "color": "inherit",
    "fontFamily": "'Exo',sans-serif",
    "fontSize": "1.27542rem",
    "fontWeight": 700,
    "lineHeight": 1.1,
    "marginBottom": "1.38rem",
    "marginLeft": 0,
    "marginRight": 0,
    "marginTop": 0,
    "paddingBottom": 0,
    "paddingLeft": 0,
    "paddingRight": 0,
    "paddingTop": 0,
    "textRendering": "optimizeLegibility",
  },
  "h3": Object {
    "color": "inherit",
    "fontFamily": "'Exo',sans-serif",
    "fontSize": "1.17608rem",
    "fontWeight": 700,
    "lineHeight": 1.1,
    "marginBottom": "1.38rem",
    "marginLeft": 0,
    "marginRight": 0,
    "marginTop": 0,
    "paddingBottom": 0,
    "paddingLeft": 0,
    "paddingRight": 0,
    "paddingTop": 0,
    "textRendering": "optimizeLegibility",
  },
  "h3,h4,h5,h6": Object {
    "marginBottom": "0.69rem",
  },
  "h4": Object {
    "color": "inherit",
    "fontFamily": "'Exo',sans-serif",
    "fontSize": "1rem",
    "fontWeight": 700,
    "lineHeight": 1.1,
    "marginBottom": "1.38rem",
    "marginLeft": 0,
    "marginRight": 0,
    "marginTop": 0,
    "paddingBottom": 0,
    "paddingLeft": 0,
    "paddingRight": 0,
    "paddingTop": 0,
    "textRendering": "optimizeLegibility",
  },
  "h5": Object {
    "color": "inherit",
    "fontFamily": "'Exo',sans-serif",
    "fontSize": "0.92211rem",
    "fontWeight": 700,
    "lineHeight": 1.1,
    "marginBottom": "1.38rem",
    "marginLeft": 0,
    "marginRight": 0,
    "marginTop": 0,
    "paddingBottom": 0,
    "paddingLeft": 0,
    "paddingRight": 0,
    "paddingTop": 0,
    "textRendering": "optimizeLegibility",
  },
  "h6": Object {
    "color": "inherit",
    "fontFamily": "'Exo',sans-serif",
    "fontSize": "0.88547rem",
    "fontWeight": 700,
    "lineHeight": 1.1,
    "marginBottom": "1.38rem",
    "marginLeft": 0,
    "marginRight": 0,
    "marginTop": 0,
    "paddingBottom": 0,
    "paddingLeft": 0,
    "paddingRight": 0,
    "paddingTop": 0,
    "textRendering": "optimizeLegibility",
  },
  "hgroup": Object {
    "marginBottom": "1.38rem",
    "marginLeft": 0,
    "marginRight": 0,
    "marginTop": 0,
    "paddingBottom": 0,
    "paddingLeft": 0,
    "paddingRight": 0,
    "paddingTop": 0,
  },
  "hr": Object {
    "background": "hsla(0,0%,0%,0.2)",
    "border": "none",
    "height": "1px",
    "marginBottom": "calc(1.38rem - 1px)",
    "marginLeft": 0,
    "marginRight": 0,
    "marginTop": 0,
    "paddingBottom": 0,
    "paddingLeft": 0,
    "paddingRight": 0,
    "paddingTop": 0,
  },
  "html": Object {
    "boxSizing": "border-box",
    "font": "131.25%/1.38 'Yrsa','georgia',sans-serif",
    "overflowY": "scroll",
  },
  "iframe": Object {
    "marginBottom": "1.38rem",
    "marginLeft": 0,
    "marginRight": 0,
    "marginTop": 0,
    "paddingBottom": 0,
    "paddingLeft": 0,
    "paddingRight": 0,
    "paddingTop": 0,
  },
  "img": Object {
    "marginBottom": "1.38rem",
    "marginLeft": 0,
    "marginRight": 0,
    "marginTop": 0,
    "maxWidth": "100%",
    "paddingBottom": 0,
    "paddingLeft": 0,
    "paddingRight": 0,
    "paddingTop": 0,
  },
  "kbd": Object {
    "fontSize": "0.85rem",
    "lineHeight": "1.38rem",
  },
  "li": Object {
    "marginBottom": "calc(1.38rem / 2)",
  },
  "li *:last-child": Object {
    "marginBottom": 0,
  },
  "li > ol": Object {
    "marginBottom": "calc(1.38rem / 2)",
    "marginLeft": "1.38rem",
    "marginTop": "calc(1.38rem / 2)",
  },
  "li > p": Object {
    "marginBottom": "calc(1.38rem / 2)",
  },
  "li > ul": Object {
    "marginBottom": "calc(1.38rem / 2)",
    "marginLeft": "1.38rem",
    "marginTop": "calc(1.38rem / 2)",
  },
  "noscript": Object {
    "marginBottom": "1.38rem",
    "marginLeft": 0,
    "marginRight": 0,
    "marginTop": 0,
    "paddingBottom": 0,
    "paddingLeft": 0,
    "paddingRight": 0,
    "paddingTop": 0,
  },
  "ol": Object {
    "listStyleImage": "none",
    "listStylePosition": "outside",
    "marginBottom": "1.38rem",
    "marginLeft": "1.38rem",
    "marginRight": 0,
    "marginTop": 0,
    "paddingBottom": 0,
    "paddingLeft": 0,
    "paddingRight": 0,
    "paddingTop": 0,
  },
  "ol li": Object {
    "paddingLeft": 0,
  },
  "p": Object {
    "marginBottom": "1.38rem",
    "marginLeft": 0,
    "marginRight": 0,
    "marginTop": 0,
    "paddingBottom": 0,
    "paddingLeft": 0,
    "paddingRight": 0,
    "paddingTop": 0,
  },
  "p *:last-child": Object {
    "marginBottom": 0,
  },
  "pre": Object {
    "fontSize": "0.85rem",
    "lineHeight": "1.38rem",
    "marginBottom": "1.38rem",
    "marginLeft": 0,
    "marginRight": 0,
    "marginTop": 0,
    "paddingBottom": 0,
    "paddingLeft": 0,
    "paddingRight": 0,
    "paddingTop": 0,
  },
  "samp": Object {
    "fontSize": "0.85rem",
    "lineHeight": "1.38rem",
  },
  "strong": Object {
    "fontWeight": 700,
  },
  "table": Object {
    "borderCollapse": "collapse",
    "fontSize": "0.92211rem",
    "lineHeight": "1.38rem",
    "marginBottom": "1.38rem",
    "marginLeft": 0,
    "marginRight": 0,
    "marginTop": 0,
    "paddingBottom": 0,
    "paddingLeft": 0,
    "paddingRight": 0,
    "paddingTop": 0,
    "width": "100%",
  },
  "td,th": Object {
    "MozFontFeatureSettings": "\\"tnum\\"",
    "WebkitFontFeatureSettings": "\\"tnum\\"",
    "borderBottom": "1px solid hsla(0,0%,0%,0.12)",
    "fontFeatureSettings": "\\"tnum\\"",
    "msFontFeatureSettings": "\\"tnum\\"",
    "paddingBottom": "calc(0.69rem - 1px)",
    "paddingLeft": "0.92rem",
    "paddingRight": "0.92rem",
    "paddingTop": "0.69rem",
    "textAlign": "left",
  },
  "th": Object {
    "fontWeight": 700,
  },
  "th:first-child,td:first-child": Object {
    "paddingLeft": 0,
  },
  "th:last-child,td:last-child": Object {
    "paddingRight": 0,
  },
  "thead": Object {
    "textAlign": "left",
  },
  "ul": Object {
    "listStyleImage": "none",
    "listStylePosition": "outside",
    "marginBottom": "1.38rem",
    "marginLeft": "1.38rem",
    "marginRight": 0,
    "marginTop": 0,
    "paddingBottom": 0,
    "paddingLeft": 0,
    "paddingRight": 0,
    "paddingTop": 0,
  },
  "ul li": Object {
    "paddingLeft": 0,
  },
}
`;
