// Jest Snapshot v1, https://goo.gl/fbAQLP

exports[`header should render 1`] = `
<styled.header>
  <styled.div
    active={false}
    className="hamburger"
    onClick={[Function]}
  >
    <span />
    <span />
    <span />
    <span />
  </styled.div>
  <Menu
    active={false}
    toggleNav={[Function]}
  />
</styled.header>
`;
