// Jest Snapshot v1, https://goo.gl/fbAQLP

exports[`rendering 1`] = `
<styled.div>
  <h2>
    Skills
  </h2>
  <styled.div>
    <h3>
      Frontend
    </h3>
    <styled.ul>
      <li
        key="React"
      >
        React
      </li>
      <li
        key="Redux"
      >
        Redux
      </li>
      <li
        key="Gatsby"
      >
        Gatsby
      </li>
      <li
        key="Vue.js"
      >
        Vue.js
      </li>
      <li
        key="HTML5"
      >
        HTML5
      </li>
      <li
        key="SCSS"
      >
        SCSS
      </li>
    </styled.ul>
  </styled.div>
  <styled.div>
    <h3>
      Backend
    </h3>
    <styled.ul>
      <li
        key="Node"
      >
        Node
      </li>
      <li
        key="Express"
      >
        Express
      </li>
      <li
        key="PostgreSQL"
      >
        PostgreSQL
      </li>
    </styled.ul>
  </styled.div>
  <styled.div>
    <h3>
      Other
    </h3>
    <styled.ul>
      <li
        key="Git"
      >
        Git
      </li>
      <li
        key="R"
      >
        R
      </li>
    </styled.ul>
  </styled.div>
</styled.div>
`;
