// Jest Snapshot v1, https://goo.gl/fbAQLP

exports[`rendering 1`] = `
ShallowWrapper {
  Symbol(enzyme.__root__): [Circular],
  Symbol(enzyme.__unrendered__): <Tech
    path="/something"
  />,
  Symbol(enzyme.__renderer__): Object {
    "batchedUpdates": [Function],
    "checkPropTypes": [Function],
    "getNode": [Function],
    "render": [Function],
    "simulateError": [Function],
    "simulateEvent": [Function],
    "unmount": [Function],
  },
  Symbol(enzyme.__node__): Object {
    "instance": null,
    "key": undefined,
    "nodeType": "class",
    "props": Object {
      "children": Array [
        <h2>
          My Techstack
        </h2>,
        <styled.div>
          <styled.div>
            <h3>
              Languages
            </h3>
            <styled.ul>
              <li>
                JavaScript
              </li>
              <li>
                Elm
              </li>
              <li>
                R
              </li>
              <li>
                HTML5
              </li>
              <li>
                SCSS
              </li>
            </styled.ul>
          </styled.div>
          <styled.div>
            <h3>
              Frameworks and Libraries
            </h3>
            <styled.ul>
              <li>
                React/Redux, Gatsby, Vue
              </li>
              <li>
                d3
              </li>
              <li>
                Express
              </li>
            </styled.ul>
          </styled.div>
          <styled.div>
            <h3>
              Other
            </h3>
            <styled.ul>
              <li>
                Git
              </li>
              <li>
                R
              </li>
              <li>
                SQL
              </li>
            </styled.ul>
          </styled.div>
        </styled.div>,
      ],
    },
    "ref": null,
    "rendered": Array [
      Object {
        "instance": null,
        "key": undefined,
        "nodeType": "host",
        "props": Object {
          "children": "My Techstack",
        },
        "ref": null,
        "rendered": "My Techstack",
        "type": "h2",
      },
      Object {
        "instance": null,
        "key": undefined,
        "nodeType": "class",
        "props": Object {
          "children": Array [
            <styled.div>
              <h3>
                Languages
              </h3>
              <styled.ul>
                <li>
                  JavaScript
                </li>
                <li>
                  Elm
                </li>
                <li>
                  R
                </li>
                <li>
                  HTML5
                </li>
                <li>
                  SCSS
                </li>
              </styled.ul>
            </styled.div>,
            <styled.div>
              <h3>
                Frameworks and Libraries
              </h3>
              <styled.ul>
                <li>
                  React/Redux, Gatsby, Vue
                </li>
                <li>
                  d3
                </li>
                <li>
                  Express
                </li>
              </styled.ul>
            </styled.div>,
            <styled.div>
              <h3>
                Other
              </h3>
              <styled.ul>
                <li>
                  Git
                </li>
                <li>
                  R
                </li>
                <li>
                  SQL
                </li>
              </styled.ul>
            </styled.div>,
          ],
        },
        "ref": null,
        "rendered": Array [
          Object {
            "instance": null,
            "key": undefined,
            "nodeType": "class",
            "props": Object {
              "children": Array [
                <h3>
                  Languages
                </h3>,
                <styled.ul>
                  <li>
                    JavaScript
                  </li>
                  <li>
                    Elm
                  </li>
                  <li>
                    R
                  </li>
                  <li>
                    HTML5
                  </li>
                  <li>
                    SCSS
                  </li>
                </styled.ul>,
              ],
            },
            "ref": null,
            "rendered": Array [
              Object {
                "instance": null,
                "key": undefined,
                "nodeType": "host",
                "props": Object {
                  "children": "Languages",
                },
                "ref": null,
                "rendered": "Languages",
                "type": "h3",
              },
              Object {
                "instance": null,
                "key": undefined,
                "nodeType": "class",
                "props": Object {
                  "children": Array [
                    <li>
                      JavaScript
                    </li>,
                    <li>
                      Elm
                    </li>,
                    <li>
                      R
                    </li>,
                    <li>
                      HTML5
                    </li>,
                    <li>
                      SCSS
                    </li>,
                  ],
                },
                "ref": null,
                "rendered": Array [
                  Object {
                    "instance": null,
                    "key": "JavaScript",
                    "nodeType": "host",
                    "props": Object {
                      "children": "JavaScript",
                    },
                    "ref": null,
                    "rendered": "JavaScript",
                    "type": "li",
                  },
                  Object {
                    "instance": null,
                    "key": "Elm",
                    "nodeType": "host",
                    "props": Object {
                      "children": "Elm",
                    },
                    "ref": null,
                    "rendered": "Elm",
                    "type": "li",
                  },
                  Object {
                    "instance": null,
                    "key": "R",
                    "nodeType": "host",
                    "props": Object {
                      "children": "R",
                    },
                    "ref": null,
                    "rendered": "R",
                    "type": "li",
                  },
                  Object {
                    "instance": null,
                    "key": "HTML5",
                    "nodeType": "host",
                    "props": Object {
                      "children": "HTML5",
                    },
                    "ref": null,
                    "rendered": "HTML5",
                    "type": "li",
                  },
                  Object {
                    "instance": null,
                    "key": "SCSS",
                    "nodeType": "host",
                    "props": Object {
                      "children": "SCSS",
                    },
                    "ref": null,
                    "rendered": "SCSS",
                    "type": "li",
                  },
                ],
                "type": [Function],
              },
            ],
            "type": [Function],
          },
          Object {
            "instance": null,
            "key": undefined,
            "nodeType": "class",
            "props": Object {
              "children": Array [
                <h3>
                  Frameworks and Libraries
                </h3>,
                <styled.ul>
                  <li>
                    React/Redux, Gatsby, Vue
                  </li>
                  <li>
                    d3
                  </li>
                  <li>
                    Express
                  </li>
                </styled.ul>,
              ],
            },
            "ref": null,
            "rendered": Array [
              Object {
                "instance": null,
                "key": undefined,
                "nodeType": "host",
                "props": Object {
                  "children": "Frameworks and Libraries",
                },
                "ref": null,
                "rendered": "Frameworks and Libraries",
                "type": "h3",
              },
              Object {
                "instance": null,
                "key": undefined,
                "nodeType": "class",
                "props": Object {
                  "children": Array [
                    <li>
                      React/Redux, Gatsby, Vue
                    </li>,
                    <li>
                      d3
                    </li>,
                    <li>
                      Express
                    </li>,
                  ],
                },
                "ref": null,
                "rendered": Array [
                  Object {
                    "instance": null,
                    "key": "React/Redux, Gatsby, Vue",
                    "nodeType": "host",
                    "props": Object {
                      "children": "React/Redux, Gatsby, Vue",
                    },
                    "ref": null,
                    "rendered": "React/Redux, Gatsby, Vue",
                    "type": "li",
                  },
                  Object {
                    "instance": null,
                    "key": "d3",
                    "nodeType": "host",
                    "props": Object {
                      "children": "d3",
                    },
                    "ref": null,
                    "rendered": "d3",
                    "type": "li",
                  },
                  Object {
                    "instance": null,
                    "key": "Express",
                    "nodeType": "host",
                    "props": Object {
                      "children": "Express",
                    },
                    "ref": null,
                    "rendered": "Express",
                    "type": "li",
                  },
                ],
                "type": [Function],
              },
            ],
            "type": [Function],
          },
          Object {
            "instance": null,
            "key": undefined,
            "nodeType": "class",
            "props": Object {
              "children": Array [
                <h3>
                  Other
                </h3>,
                <styled.ul>
                  <li>
                    Git
                  </li>
                  <li>
                    R
                  </li>
                  <li>
                    SQL
                  </li>
                </styled.ul>,
              ],
            },
            "ref": null,
            "rendered": Array [
              Object {
                "instance": null,
                "key": undefined,
                "nodeType": "host",
                "props": Object {
                  "children": "Other",
                },
                "ref": null,
                "rendered": "Other",
                "type": "h3",
              },
              Object {
                "instance": null,
                "key": undefined,
                "nodeType": "class",
                "props": Object {
                  "children": Array [
                    <li>
                      Git
                    </li>,
                    <li>
                      R
                    </li>,
                    <li>
                      SQL
                    </li>,
                  ],
                },
                "ref": null,
                "rendered": Array [
                  Object {
                    "instance": null,
                    "key": "Git",
                    "nodeType": "host",
                    "props": Object {
                      "children": "Git",
                    },
                    "ref": null,
                    "rendered": "Git",
                    "type": "li",
                  },
                  Object {
                    "instance": null,
                    "key": "R",
                    "nodeType": "host",
                    "props": Object {
                      "children": "R",
                    },
                    "ref": null,
                    "rendered": "R",
                    "type": "li",
                  },
                  Object {
                    "instance": null,
                    "key": "SQL",
                    "nodeType": "host",
                    "props": Object {
                      "children": "SQL",
                    },
                    "ref": null,
                    "rendered": "SQL",
                    "type": "li",
                  },
                ],
                "type": [Function],
              },
            ],
            "type": [Function],
          },
        ],
        "type": [Function],
      },
    ],
    "type": [Function],
  },
  Symbol(enzyme.__nodes__): Array [
    Object {
      "instance": null,
      "key": undefined,
      "nodeType": "class",
      "props": Object {
        "children": Array [
          <h2>
            My Techstack
          </h2>,
          <styled.div>
            <styled.div>
              <h3>
                Languages
              </h3>
              <styled.ul>
                <li>
                  JavaScript
                </li>
                <li>
                  Elm
                </li>
                <li>
                  R
                </li>
                <li>
                  HTML5
                </li>
                <li>
                  SCSS
                </li>
              </styled.ul>
            </styled.div>
            <styled.div>
              <h3>
                Frameworks and Libraries
              </h3>
              <styled.ul>
                <li>
                  React/Redux, Gatsby, Vue
                </li>
                <li>
                  d3
                </li>
                <li>
                  Express
                </li>
              </styled.ul>
            </styled.div>
            <styled.div>
              <h3>
                Other
              </h3>
              <styled.ul>
                <li>
                  Git
                </li>
                <li>
                  R
                </li>
                <li>
                  SQL
                </li>
              </styled.ul>
            </styled.div>
          </styled.div>,
        ],
      },
      "ref": null,
      "rendered": Array [
        Object {
          "instance": null,
          "key": undefined,
          "nodeType": "host",
          "props": Object {
            "children": "My Techstack",
          },
          "ref": null,
          "rendered": "My Techstack",
          "type": "h2",
        },
        Object {
          "instance": null,
          "key": undefined,
          "nodeType": "class",
          "props": Object {
            "children": Array [
              <styled.div>
                <h3>
                  Languages
                </h3>
                <styled.ul>
                  <li>
                    JavaScript
                  </li>
                  <li>
                    Elm
                  </li>
                  <li>
                    R
                  </li>
                  <li>
                    HTML5
                  </li>
                  <li>
                    SCSS
                  </li>
                </styled.ul>
              </styled.div>,
              <styled.div>
                <h3>
                  Frameworks and Libraries
                </h3>
                <styled.ul>
                  <li>
                    React/Redux, Gatsby, Vue
                  </li>
                  <li>
                    d3
                  </li>
                  <li>
                    Express
                  </li>
                </styled.ul>
              </styled.div>,
              <styled.div>
                <h3>
                  Other
                </h3>
                <styled.ul>
                  <li>
                    Git
                  </li>
                  <li>
                    R
                  </li>
                  <li>
                    SQL
                  </li>
                </styled.ul>
              </styled.div>,
            ],
          },
          "ref": null,
          "rendered": Array [
            Object {
              "instance": null,
              "key": undefined,
              "nodeType": "class",
              "props": Object {
                "children": Array [
                  <h3>
                    Languages
                  </h3>,
                  <styled.ul>
                    <li>
                      JavaScript
                    </li>
                    <li>
                      Elm
                    </li>
                    <li>
                      R
                    </li>
                    <li>
                      HTML5
                    </li>
                    <li>
                      SCSS
                    </li>
                  </styled.ul>,
                ],
              },
              "ref": null,
              "rendered": Array [
                Object {
                  "instance": null,
                  "key": undefined,
                  "nodeType": "host",
                  "props": Object {
                    "children": "Languages",
                  },
                  "ref": null,
                  "rendered": "Languages",
                  "type": "h3",
                },
                Object {
                  "instance": null,
                  "key": undefined,
                  "nodeType": "class",
                  "props": Object {
                    "children": Array [
                      <li>
                        JavaScript
                      </li>,
                      <li>
                        Elm
                      </li>,
                      <li>
                        R
                      </li>,
                      <li>
                        HTML5
                      </li>,
                      <li>
                        SCSS
                      </li>,
                    ],
                  },
                  "ref": null,
                  "rendered": Array [
                    Object {
                      "instance": null,
                      "key": "JavaScript",
                      "nodeType": "host",
                      "props": Object {
                        "children": "JavaScript",
                      },
                      "ref": null,
                      "rendered": "JavaScript",
                      "type": "li",
                    },
                    Object {
                      "instance": null,
                      "key": "Elm",
                      "nodeType": "host",
                      "props": Object {
                        "children": "Elm",
                      },
                      "ref": null,
                      "rendered": "Elm",
                      "type": "li",
                    },
                    Object {
                      "instance": null,
                      "key": "R",
                      "nodeType": "host",
                      "props": Object {
                        "children": "R",
                      },
                      "ref": null,
                      "rendered": "R",
                      "type": "li",
                    },
                    Object {
                      "instance": null,
                      "key": "HTML5",
                      "nodeType": "host",
                      "props": Object {
                        "children": "HTML5",
                      },
                      "ref": null,
                      "rendered": "HTML5",
                      "type": "li",
                    },
                    Object {
                      "instance": null,
                      "key": "SCSS",
                      "nodeType": "host",
                      "props": Object {
                        "children": "SCSS",
                      },
                      "ref": null,
                      "rendered": "SCSS",
                      "type": "li",
                    },
                  ],
                  "type": [Function],
                },
              ],
              "type": [Function],
            },
            Object {
              "instance": null,
              "key": undefined,
              "nodeType": "class",
              "props": Object {
                "children": Array [
                  <h3>
                    Frameworks and Libraries
                  </h3>,
                  <styled.ul>
                    <li>
                      React/Redux, Gatsby, Vue
                    </li>
                    <li>
                      d3
                    </li>
                    <li>
                      Express
                    </li>
                  </styled.ul>,
                ],
              },
              "ref": null,
              "rendered": Array [
                Object {
                  "instance": null,
                  "key": undefined,
                  "nodeType": "host",
                  "props": Object {
                    "children": "Frameworks and Libraries",
                  },
                  "ref": null,
                  "rendered": "Frameworks and Libraries",
                  "type": "h3",
                },
                Object {
                  "instance": null,
                  "key": undefined,
                  "nodeType": "class",
                  "props": Object {
                    "children": Array [
                      <li>
                        React/Redux, Gatsby, Vue
                      </li>,
                      <li>
                        d3
                      </li>,
                      <li>
                        Express
                      </li>,
                    ],
                  },
                  "ref": null,
                  "rendered": Array [
                    Object {
                      "instance": null,
                      "key": "React/Redux, Gatsby, Vue",
                      "nodeType": "host",
                      "props": Object {
                        "children": "React/Redux, Gatsby, Vue",
                      },
                      "ref": null,
                      "rendered": "React/Redux, Gatsby, Vue",
                      "type": "li",
                    },
                    Object {
                      "instance": null,
                      "key": "d3",
                      "nodeType": "host",
                      "props": Object {
                        "children": "d3",
                      },
                      "ref": null,
                      "rendered": "d3",
                      "type": "li",
                    },
                    Object {
                      "instance": null,
                      "key": "Express",
                      "nodeType": "host",
                      "props": Object {
                        "children": "Express",
                      },
                      "ref": null,
                      "rendered": "Express",
                      "type": "li",
                    },
                  ],
                  "type": [Function],
                },
              ],
              "type": [Function],
            },
            Object {
              "instance": null,
              "key": undefined,
              "nodeType": "class",
              "props": Object {
                "children": Array [
                  <h3>
                    Other
                  </h3>,
                  <styled.ul>
                    <li>
                      Git
                    </li>
                    <li>
                      R
                    </li>
                    <li>
                      SQL
                    </li>
                  </styled.ul>,
                ],
              },
              "ref": null,
              "rendered": Array [
                Object {
                  "instance": null,
                  "key": undefined,
                  "nodeType": "host",
                  "props": Object {
                    "children": "Other",
                  },
                  "ref": null,
                  "rendered": "Other",
                  "type": "h3",
                },
                Object {
                  "instance": null,
                  "key": undefined,
                  "nodeType": "class",
                  "props": Object {
                    "children": Array [
                      <li>
                        Git
                      </li>,
                      <li>
                        R
                      </li>,
                      <li>
                        SQL
                      </li>,
                    ],
                  },
                  "ref": null,
                  "rendered": Array [
                    Object {
                      "instance": null,
                      "key": "Git",
                      "nodeType": "host",
                      "props": Object {
                        "children": "Git",
                      },
                      "ref": null,
                      "rendered": "Git",
                      "type": "li",
                    },
                    Object {
                      "instance": null,
                      "key": "R",
                      "nodeType": "host",
                      "props": Object {
                        "children": "R",
                      },
                      "ref": null,
                      "rendered": "R",
                      "type": "li",
                    },
                    Object {
                      "instance": null,
                      "key": "SQL",
                      "nodeType": "host",
                      "props": Object {
                        "children": "SQL",
                      },
                      "ref": null,
                      "rendered": "SQL",
                      "type": "li",
                    },
                  ],
                  "type": [Function],
                },
              ],
              "type": [Function],
            },
          ],
          "type": [Function],
        },
      ],
      "type": [Function],
    },
  ],
  Symbol(enzyme.__options__): Object {
    "adapter": ReactSixteenAdapter {
      "options": Object {
        "enableComponentDidUpdateOnSetState": true,
        "legacyContextMode": "parent",
        "lifecycles": Object {
          "componentDidUpdate": Object {
            "onSetState": true,
          },
          "getChildContext": Object {
            "calledByRenderer": false,
          },
          "getDerivedStateFromProps": true,
          "getSnapshotBeforeUpdate": true,
          "setState": Object {
            "skipsComponentDidUpdateOnNullish": true,
          },
        },
      },
    },
  },
}
`;
