// Jest Snapshot v1, https://goo.gl/fbAQLP

exports[`blog rendering 1`] = `
<div>
  <styled.div>
    <Seo
      data={
        Object {
          "date": "date",
          "excerpt": "excerpt",
          "image": Object {
            "childImageSharp": Object {
              "sizes": Object {
                "sizes": "image",
              },
            },
          },
          "path": "path",
          "tags": Array [
            "tag1",
            "tag2",
          ],
          "timeToRead": 10,
          "title": "title",
        }
      }
      isPost={true}
    />
    <HelmetWrapper
      defer={true}
      encodeSpecialCharacters={true}
    >
      <title>
        title
         • 
        title
      </title>
      <meta
        name="description"
      />
      <meta
        content="@laura-fyi"
        name="twitter:site"
      />
      <meta
        content="summary"
        name="twitter:card"
      />
      <meta
        content="@laura-fyi"
        name="twitter:creator"
      />
      <meta
        content="title"
        name="twitter:title"
      />
      <meta
        name="twitter:description"
      />
      <meta
        content={
          Object {
            "childImageSharp": Object {
              "sizes": Object {
                "sizes": "image",
              },
            },
          }
        }
        name="twitter:image"
      />
      <meta
        content="Cover image"
        name="twitter:image:alt"
      />
    </HelmetWrapper>
    <styled.div>
      <h1>
        title
      </h1>
      <h3>
        date
      </h3>
      <Image
        Tag="div"
        alt=""
        fadeIn={true}
        sizes={
          Object {
            "sizes": "image",
          }
        }
      />
      <div
        className="blog-post-content"
        dangerouslySetInnerHTML={
          Object {
            "__html": undefined,
          }
        }
      />
      <div
        className="tag-wrapper"
      >
        <styled.span
          key="tag1"
        >
          <GatsbyLink
            to="/tags/tag1"
          >
            tag1
          </GatsbyLink>
        </styled.span>
        <styled.span
          key="tag2"
        >
          <GatsbyLink
            to="/tags/tag2"
          >
            tag2
          </GatsbyLink>
        </styled.span>
      </div>
    </styled.div>
  </styled.div>
</div>
`;
