// Jest Snapshot v1, https://goo.gl/fbAQLP

exports[`rendering it renders in production 1`] = `
ShallowWrapper {
  Symbol(enzyme.__root__): [Circular],
  Symbol(enzyme.__unrendered__): <TemplateWrapper>
    [Function]
  </TemplateWrapper>,
  Symbol(enzyme.__renderer__): Object {
    "batchedUpdates": [Function],
    "getNode": [Function],
    "render": [Function],
    "simulateError": [Function],
    "simulateEvent": [Function],
    "unmount": [Function],
  },
  Symbol(enzyme.__node__): Object {
    "instance": null,
    "key": undefined,
    "nodeType": "host",
    "props": Object {
      "children": Array [
        <HelmetWrapper
          defer={true}
          encodeSpecialCharacters={true}
          meta={
            Array [
              Object {
                "content": "Sample",
                "name": "description",
              },
              Object {
                "content": "portfolio, something",
                "name": "keywords",
              },
            ]
          }
          title="Laura Ohrndorf - Portfolio"
        >
          <meta
            content="@laura-fyi"
            name="twitter:site"
          />
          <meta
            content="website"
            name="og:type"
          />
          <meta
            content="Laura Ohrndorf"
            name="og:site_name"
          />
          <html
            lang="en"
          />
        </HelmetWrapper>,
        <styled.div>
          <Header />
          <styled.div>
            [Function]
          </styled.div>
          <Footer />
        </styled.div>,
      ],
      "className": "siteRoot",
    },
    "ref": null,
    "rendered": Array [
      Object {
        "instance": null,
        "key": undefined,
        "nodeType": "class",
        "props": Object {
          "children": Array [
            <meta
              content="@laura-fyi"
              name="twitter:site"
            />,
            <meta
              content="website"
              name="og:type"
            />,
            <meta
              content="Laura Ohrndorf"
              name="og:site_name"
            />,
            <html
              lang="en"
            />,
          ],
          "defer": true,
          "encodeSpecialCharacters": true,
          "meta": Array [
            Object {
              "content": "Sample",
              "name": "description",
            },
            Object {
              "content": "portfolio, something",
              "name": "keywords",
            },
          ],
          "title": "Laura Ohrndorf - Portfolio",
        },
        "ref": null,
        "rendered": Array [
          Object {
            "instance": null,
            "key": undefined,
            "nodeType": "host",
            "props": Object {
              "content": "@laura-fyi",
              "name": "twitter:site",
            },
            "ref": null,
            "rendered": null,
            "type": "meta",
          },
          Object {
            "instance": null,
            "key": undefined,
            "nodeType": "host",
            "props": Object {
              "content": "website",
              "name": "og:type",
            },
            "ref": null,
            "rendered": null,
            "type": "meta",
          },
          Object {
            "instance": null,
            "key": undefined,
            "nodeType": "host",
            "props": Object {
              "content": "Laura Ohrndorf",
              "name": "og:site_name",
            },
            "ref": null,
            "rendered": null,
            "type": "meta",
          },
          Object {
            "instance": null,
            "key": undefined,
            "nodeType": "host",
            "props": Object {
              "lang": "en",
            },
            "ref": null,
            "rendered": null,
            "type": "html",
          },
        ],
        "type": [Function],
      },
      Object {
        "instance": null,
        "key": undefined,
        "nodeType": "class",
        "props": Object {
          "children": Array [
            <Header />,
            <styled.div>
              [Function]
            </styled.div>,
            <Footer />,
          ],
        },
        "ref": null,
        "rendered": Array [
          Object {
            "instance": null,
            "key": undefined,
            "nodeType": "class",
            "props": Object {},
            "ref": null,
            "rendered": null,
            "type": [Function],
          },
          Object {
            "instance": null,
            "key": undefined,
            "nodeType": "class",
            "props": Object {
              "children": [Function],
            },
            "ref": null,
            "rendered": [Function],
            "type": [Function],
          },
          Object {
            "instance": null,
            "key": undefined,
            "nodeType": "function",
            "props": Object {},
            "ref": null,
            "rendered": null,
            "type": [Function],
          },
        ],
        "type": [Function],
      },
    ],
    "type": "div",
  },
  Symbol(enzyme.__nodes__): Array [
    Object {
      "instance": null,
      "key": undefined,
      "nodeType": "host",
      "props": Object {
        "children": Array [
          <HelmetWrapper
            defer={true}
            encodeSpecialCharacters={true}
            meta={
              Array [
                Object {
                  "content": "Sample",
                  "name": "description",
                },
                Object {
                  "content": "portfolio, something",
                  "name": "keywords",
                },
              ]
            }
            title="Laura Ohrndorf - Portfolio"
          >
            <meta
              content="@laura-fyi"
              name="twitter:site"
            />
            <meta
              content="website"
              name="og:type"
            />
            <meta
              content="Laura Ohrndorf"
              name="og:site_name"
            />
            <html
              lang="en"
            />
          </HelmetWrapper>,
          <styled.div>
            <Header />
            <styled.div>
              [Function]
            </styled.div>
            <Footer />
          </styled.div>,
        ],
        "className": "siteRoot",
      },
      "ref": null,
      "rendered": Array [
        Object {
          "instance": null,
          "key": undefined,
          "nodeType": "class",
          "props": Object {
            "children": Array [
              <meta
                content="@laura-fyi"
                name="twitter:site"
              />,
              <meta
                content="website"
                name="og:type"
              />,
              <meta
                content="Laura Ohrndorf"
                name="og:site_name"
              />,
              <html
                lang="en"
              />,
            ],
            "defer": true,
            "encodeSpecialCharacters": true,
            "meta": Array [
              Object {
                "content": "Sample",
                "name": "description",
              },
              Object {
                "content": "portfolio, something",
                "name": "keywords",
              },
            ],
            "title": "Laura Ohrndorf - Portfolio",
          },
          "ref": null,
          "rendered": Array [
            Object {
              "instance": null,
              "key": undefined,
              "nodeType": "host",
              "props": Object {
                "content": "@laura-fyi",
                "name": "twitter:site",
              },
              "ref": null,
              "rendered": null,
              "type": "meta",
            },
            Object {
              "instance": null,
              "key": undefined,
              "nodeType": "host",
              "props": Object {
                "content": "website",
                "name": "og:type",
              },
              "ref": null,
              "rendered": null,
              "type": "meta",
            },
            Object {
              "instance": null,
              "key": undefined,
              "nodeType": "host",
              "props": Object {
                "content": "Laura Ohrndorf",
                "name": "og:site_name",
              },
              "ref": null,
              "rendered": null,
              "type": "meta",
            },
            Object {
              "instance": null,
              "key": undefined,
              "nodeType": "host",
              "props": Object {
                "lang": "en",
              },
              "ref": null,
              "rendered": null,
              "type": "html",
            },
          ],
          "type": [Function],
        },
        Object {
          "instance": null,
          "key": undefined,
          "nodeType": "class",
          "props": Object {
            "children": Array [
              <Header />,
              <styled.div>
                [Function]
              </styled.div>,
              <Footer />,
            ],
          },
          "ref": null,
          "rendered": Array [
            Object {
              "instance": null,
              "key": undefined,
              "nodeType": "class",
              "props": Object {},
              "ref": null,
              "rendered": null,
              "type": [Function],
            },
            Object {
              "instance": null,
              "key": undefined,
              "nodeType": "class",
              "props": Object {
                "children": [Function],
              },
              "ref": null,
              "rendered": [Function],
              "type": [Function],
            },
            Object {
              "instance": null,
              "key": undefined,
              "nodeType": "function",
              "props": Object {},
              "ref": null,
              "rendered": null,
              "type": [Function],
            },
          ],
          "type": [Function],
        },
      ],
      "type": "div",
    },
  ],
  Symbol(enzyme.__options__): Object {
    "adapter": ReactSixteenAdapter {
      "options": Object {
        "enableComponentDidUpdateOnSetState": true,
        "lifecycles": Object {
          "componentDidUpdate": Object {
            "onSetState": true,
          },
          "getDerivedStateFromProps": true,
          "getSnapshotBeforeUpdate": true,
          "setState": Object {
            "skipsComponentDidUpdateOnNullish": true,
          },
        },
      },
    },
  },
}
`;

exports[`rendering renders outside production 1`] = `
ShallowWrapper {
  Symbol(enzyme.__root__): [Circular],
  Symbol(enzyme.__unrendered__): <TemplateWrapper>
    [Function]
  </TemplateWrapper>,
  Symbol(enzyme.__renderer__): Object {
    "batchedUpdates": [Function],
    "getNode": [Function],
    "render": [Function],
    "simulateError": [Function],
    "simulateEvent": [Function],
    "unmount": [Function],
  },
  Symbol(enzyme.__node__): Object {
    "instance": null,
    "key": undefined,
    "nodeType": "host",
    "props": Object {
      "children": Array [
        <HelmetWrapper
          defer={true}
          encodeSpecialCharacters={true}
          meta={
            Array [
              Object {
                "content": "Sample",
                "name": "description",
              },
              Object {
                "content": "portfolio, something",
                "name": "keywords",
              },
            ]
          }
          title="Laura Ohrndorf - Portfolio"
        >
          <meta
            content="@laura-fyi"
            name="twitter:site"
          />
          <meta
            content="website"
            name="og:type"
          />
          <meta
            content="Laura Ohrndorf"
            name="og:site_name"
          />
          <html
            lang="en"
          />
        </HelmetWrapper>,
        <styled.div>
          <Header />
          <styled.div>
            [Function]
          </styled.div>
          <Footer />
        </styled.div>,
      ],
      "className": "siteRoot",
    },
    "ref": null,
    "rendered": Array [
      Object {
        "instance": null,
        "key": undefined,
        "nodeType": "class",
        "props": Object {
          "children": Array [
            <meta
              content="@laura-fyi"
              name="twitter:site"
            />,
            <meta
              content="website"
              name="og:type"
            />,
            <meta
              content="Laura Ohrndorf"
              name="og:site_name"
            />,
            <html
              lang="en"
            />,
          ],
          "defer": true,
          "encodeSpecialCharacters": true,
          "meta": Array [
            Object {
              "content": "Sample",
              "name": "description",
            },
            Object {
              "content": "portfolio, something",
              "name": "keywords",
            },
          ],
          "title": "Laura Ohrndorf - Portfolio",
        },
        "ref": null,
        "rendered": Array [
          Object {
            "instance": null,
            "key": undefined,
            "nodeType": "host",
            "props": Object {
              "content": "@laura-fyi",
              "name": "twitter:site",
            },
            "ref": null,
            "rendered": null,
            "type": "meta",
          },
          Object {
            "instance": null,
            "key": undefined,
            "nodeType": "host",
            "props": Object {
              "content": "website",
              "name": "og:type",
            },
            "ref": null,
            "rendered": null,
            "type": "meta",
          },
          Object {
            "instance": null,
            "key": undefined,
            "nodeType": "host",
            "props": Object {
              "content": "Laura Ohrndorf",
              "name": "og:site_name",
            },
            "ref": null,
            "rendered": null,
            "type": "meta",
          },
          Object {
            "instance": null,
            "key": undefined,
            "nodeType": "host",
            "props": Object {
              "lang": "en",
            },
            "ref": null,
            "rendered": null,
            "type": "html",
          },
        ],
        "type": [Function],
      },
      Object {
        "instance": null,
        "key": undefined,
        "nodeType": "class",
        "props": Object {
          "children": Array [
            <Header />,
            <styled.div>
              [Function]
            </styled.div>,
            <Footer />,
          ],
        },
        "ref": null,
        "rendered": Array [
          Object {
            "instance": null,
            "key": undefined,
            "nodeType": "class",
            "props": Object {},
            "ref": null,
            "rendered": null,
            "type": [Function],
          },
          Object {
            "instance": null,
            "key": undefined,
            "nodeType": "class",
            "props": Object {
              "children": [Function],
            },
            "ref": null,
            "rendered": [Function],
            "type": [Function],
          },
          Object {
            "instance": null,
            "key": undefined,
            "nodeType": "function",
            "props": Object {},
            "ref": null,
            "rendered": null,
            "type": [Function],
          },
        ],
        "type": [Function],
      },
    ],
    "type": "div",
  },
  Symbol(enzyme.__nodes__): Array [
    Object {
      "instance": null,
      "key": undefined,
      "nodeType": "host",
      "props": Object {
        "children": Array [
          <HelmetWrapper
            defer={true}
            encodeSpecialCharacters={true}
            meta={
              Array [
                Object {
                  "content": "Sample",
                  "name": "description",
                },
                Object {
                  "content": "portfolio, something",
                  "name": "keywords",
                },
              ]
            }
            title="Laura Ohrndorf - Portfolio"
          >
            <meta
              content="@laura-fyi"
              name="twitter:site"
            />
            <meta
              content="website"
              name="og:type"
            />
            <meta
              content="Laura Ohrndorf"
              name="og:site_name"
            />
            <html
              lang="en"
            />
          </HelmetWrapper>,
          <styled.div>
            <Header />
            <styled.div>
              [Function]
            </styled.div>
            <Footer />
          </styled.div>,
        ],
        "className": "siteRoot",
      },
      "ref": null,
      "rendered": Array [
        Object {
          "instance": null,
          "key": undefined,
          "nodeType": "class",
          "props": Object {
            "children": Array [
              <meta
                content="@laura-fyi"
                name="twitter:site"
              />,
              <meta
                content="website"
                name="og:type"
              />,
              <meta
                content="Laura Ohrndorf"
                name="og:site_name"
              />,
              <html
                lang="en"
              />,
            ],
            "defer": true,
            "encodeSpecialCharacters": true,
            "meta": Array [
              Object {
                "content": "Sample",
                "name": "description",
              },
              Object {
                "content": "portfolio, something",
                "name": "keywords",
              },
            ],
            "title": "Laura Ohrndorf - Portfolio",
          },
          "ref": null,
          "rendered": Array [
            Object {
              "instance": null,
              "key": undefined,
              "nodeType": "host",
              "props": Object {
                "content": "@laura-fyi",
                "name": "twitter:site",
              },
              "ref": null,
              "rendered": null,
              "type": "meta",
            },
            Object {
              "instance": null,
              "key": undefined,
              "nodeType": "host",
              "props": Object {
                "content": "website",
                "name": "og:type",
              },
              "ref": null,
              "rendered": null,
              "type": "meta",
            },
            Object {
              "instance": null,
              "key": undefined,
              "nodeType": "host",
              "props": Object {
                "content": "Laura Ohrndorf",
                "name": "og:site_name",
              },
              "ref": null,
              "rendered": null,
              "type": "meta",
            },
            Object {
              "instance": null,
              "key": undefined,
              "nodeType": "host",
              "props": Object {
                "lang": "en",
              },
              "ref": null,
              "rendered": null,
              "type": "html",
            },
          ],
          "type": [Function],
        },
        Object {
          "instance": null,
          "key": undefined,
          "nodeType": "class",
          "props": Object {
            "children": Array [
              <Header />,
              <styled.div>
                [Function]
              </styled.div>,
              <Footer />,
            ],
          },
          "ref": null,
          "rendered": Array [
            Object {
              "instance": null,
              "key": undefined,
              "nodeType": "class",
              "props": Object {},
              "ref": null,
              "rendered": null,
              "type": [Function],
            },
            Object {
              "instance": null,
              "key": undefined,
              "nodeType": "class",
              "props": Object {
                "children": [Function],
              },
              "ref": null,
              "rendered": [Function],
              "type": [Function],
            },
            Object {
              "instance": null,
              "key": undefined,
              "nodeType": "function",
              "props": Object {},
              "ref": null,
              "rendered": null,
              "type": [Function],
            },
          ],
          "type": [Function],
        },
      ],
      "type": "div",
    },
  ],
  Symbol(enzyme.__options__): Object {
    "adapter": ReactSixteenAdapter {
      "options": Object {
        "enableComponentDidUpdateOnSetState": true,
        "lifecycles": Object {
          "componentDidUpdate": Object {
            "onSetState": true,
          },
          "getDerivedStateFromProps": true,
          "getSnapshotBeforeUpdate": true,
          "setState": Object {
            "skipsComponentDidUpdateOnNullish": true,
          },
        },
      },
    },
  },
}
`;
